[2026-05-21T04:17:07Z INFO  ohosHttp] 成功加载配置文件: test-dual/config-cors.toml

  ╔═══════════════════════════════════════════════════════════════╗
  ║                                                               ║
  ║     ██████╗ ██╗  ██╗ ██████╗ ███████╗                        ║
  ║    ██╔═══╝ ██║  ██║██╔═══╝ ██╔════╝                        ║
  ║    ██║     ███████║██║     █████╗                          ║
  ║    ██║     ██╔══██║██║     ██╔══╝                          ║
  ║    ╚██████╗██║  ██║╚██████╗███████╗                        ║
  ║     ╚═════╝╚═╝  ╚═╝ ╚═════╝╚══════╝                        ║
  ║                                                               ║
  ║   ohosHttp v1.4.0    ─ 高性能 HTTP 服务器                    ║
  ║   启动时间 : 2026-05-21 12:17:07                            ║
  ║   PID      : 64896                                          ║
  ╚═══════════════════════════════════════════════════════════════╝

  ┌─── 站点 #1 ────────────────────────────────────────────────┐
  │                                                             │
  │   绑定地址    │  0.0.0.0:8089                                   │
  │   根目录      │  ./test-dual/site1                              │
  │   域名        │  site1.example.com, www.site1.example.com       │
  │   IP直连     │  允许                                             │
  │   Worker进程  │  1                                              │
  │   上传大小    │  10MB                                           │
  │   缓存        │  未启用                                            │
  │   目录列表    │  关闭                                             │
  │   CORS 源     │  *                                              │
  │   CORS 方法   │  GET,POST,PUT,DELETE,PATCH,OPTIONS              │
  │   伪静态规则  │  无                                              │
  │   代理规则    │  无                                              │
  │   路径规则    │  无                                              │
  │                                                             │
  └─────────────────────────────────────────────────────────────┘

  ╔═══════════════════════════════════════════════════════════════╗
  ║  服务已就绪，按 Ctrl+C 停止服务                                 ║
  ╚═══════════════════════════════════════════════════════════════╝

[2026-05-21T04:17:07Z INFO  ohosHttp] ohosHttp v1.4.0 启动中... (1 Worker 进程)
[2026-05-21T04:17:07Z INFO  ohosHttp] 所有 1 个 Worker 进程已启动 (PID: [64904])
[2026-05-21T04:17:07Z INFO  ohosHttp::server] ohosHttp 服务器启动: 0.0.0.0:8089 (根目录: ./test-dual/site1, Worker 单线程事件循环)
[2026-05-21T04:18:01Z INFO  ohosHttp] 收到停止信号，正在关闭所有 Worker...
[2026-05-21T04:18:01Z INFO  ohosHttp] 正在停止 Worker #0 (PID: 64904)
[2026-05-21T04:18:01Z INFO  ohosHttp::server] ohosHttp 服务器 0.0.0.0:8089 收到关闭信号，正在优雅关闭...
[2026-05-21T04:18:01Z INFO  ohosHttp::server] ohosHttp 服务器 0.0.0.0:8089 已停止
[2026-05-21T04:18:01Z INFO  ohosHttp] 所有 Worker 已停止，ohosHttp 已正常退出
