[2026-05-21T04:27:11Z INFO  ohosHttp] 成功加载配置文件: test-dual/config-ws-test.toml

  ╔═══════════════════════════════════════════════════════════════╗
  ║                                                               ║
  ║     ██████╗ ██╗  ██╗ ██████╗ ███████╗                        ║
  ║    ██╔═══╝ ██║  ██║██╔═══╝ ██╔════╝                        ║
  ║    ██║     ███████║██║     █████╗                          ║
  ║    ██║     ██╔══██║██║     ██╔══╝                          ║
  ║    ╚██████╗██║  ██║╚██████╗███████╗                        ║
  ║     ╚═════╝╚═╝  ╚═╝ ╚═════╝╚══════╝                        ║
  ║                                                               ║
  ║   ohosHttp v1.4.0    ─ 高性能 HTTP 服务器                    ║
  ║   启动时间 : 2026-05-21 12:27:11                            ║
  ║   PID      : 19189                                          ║
  ╚═══════════════════════════════════════════════════════════════╝

  ┌─── 站点 #1 ────────────────────────────────────────────────┐
  │                                                             │
  │   绑定地址    │  127.0.0.1:8089                                 │
  │   根目录      │  ./www                                          │
  │   IP直连     │  允许                                             │
  │   Worker进程  │  1                                              │
  │   上传大小    │  10MB                                           │
  │   缓存        │  未启用                                            │
  │   目录列表    │  关闭                                             │
  │   伪静态规则  │  无                                              │
  │   代理规则    │  1 条                                            │
  │   路径规则    │  2 条                                            │
  │  ─── 路径规则 ─────────────────────────────────         │
  │    #1   /ws/             →  proxy http://127.0.0.1:9001          │
  │    #2   /                →  root  ./www                          │
  │                                                             │
  └─────────────────────────────────────────────────────────────┘

  ╔═══════════════════════════════════════════════════════════════╗
  ║  服务已就绪，按 Ctrl+C 停止服务                                 ║
  ╚═══════════════════════════════════════════════════════════════╝

[2026-05-21T04:27:11Z INFO  ohosHttp] ohosHttp v1.4.0 启动中... (1 Worker 进程)
[2026-05-21T04:27:11Z INFO  ohosHttp] 所有 1 个 Worker 进程已启动 (PID: [19191])
[2026-05-21T04:27:11Z INFO  ohosHttp::server] ohosHttp 服务器启动: 127.0.0.1:8089 (根目录: ./www, Worker 单线程事件循环)
[2026-05-21T04:27:17Z ERROR ohosHttp::handler] [handler.rs] WebSocket 代理: 后端 127.0.0.1:9001 返回无效响应行
